mpo: 
mpc: 
hex: 
err: Failedtomergetransactions.
