mpo: 0.0538
mpc: 1
hex: 010000000119f486a20df2078f6992e6c09eac14b0d6b3ec6d2095a2056ff58a55eacda7560000000000ffffffff01a0175200000000001976a914b69a83e41dc486f52e9d4b4bc42e57dae2c7210288ac00000000
err: 
